---
source: e2e/src/suite.rs
description: audio at mobile (rest)
expression: tree
---
group "Silence"
  group "Player controls"
    button "Play"
    slider "Seek" = 0 [valuemax=4] [valuemin=0]
    button "Mute"
    button "Volume" [expanded=false] [haspopup=dialog]
    button "Playback speed 1×"
      StaticText "1×"
  status [atomic] [live=polite]
group "Broken"
  group "Player controls"
    button "Play"
    slider "Seek" = 0 [disabled] [valuemax=1] [valuemin=0]
    button "Mute"
    button "Volume" [expanded=false] [haspopup=dialog]
    button "Playback speed 1×"
      StaticText "1×"
  alert [atomic] [live=assertive]
    StaticText "This media could not be played."
  status [atomic] [live=polite]
group "Muted"
  group "Player controls"
    button "Play"
    slider "Seek" = 0 [valuemax=4] [valuemin=0]
    button "Unmute"
    button "Volume" [expanded=false] [haspopup=dialog]
    button "Playback speed 1×"
      StaticText "1×"
  status [atomic] [live=polite]
group "Right to left"
  group "Player controls"
    button "Play"
    slider "Seek" = 0 [valuemax=4] [valuemin=0]
    button "Mute"
    button "Volume" [expanded=false] [haspopup=dialog]
    button "Playback speed 1×"
      StaticText "1×"
  status [atomic] [live=polite]
group "Inline"
  group "Player controls"
    button "Play"
    slider "Seek" = 0 [valuemax=4] [valuemin=0]
    button "Mute"
    button "Volume" [expanded=false] [haspopup=dialog]
    button "Playback speed 1×"
      StaticText "1×"
  status [atomic] [live=polite]
button "Play"
  StaticText "Play"
paragraph
  StaticText "supported=true duration=4"
