---
source: e2e/src/suite.rs
description: avatar at mobile (rest)
expression: tree
---
generic
  image "Ada Lovelace"
    StaticText "AL"
  image "Ada Lovelace"
    StaticText "AL"
  image "Ada Lovelace"
    StaticText "AL"
  image "Ada Lovelace"
    StaticText "AL"
  image "Ada Lovelace"
    StaticText "AL"
  image "Ada Lovelace"
    StaticText "AL"
  image "Ada Lovelace"
    StaticText "AL"
  image "Ada Lovelace"
    StaticText "AL"
  image "Ada Lovelace"
    StaticText "AL"
  image "Ada Lovelace"
    StaticText "AL"
  image "Ada Lovelace"
    StaticText "AL"
  image "Ada Lovelace"
    StaticText "AL"
  image "Ada Lovelace"
    StaticText "AL"
  image "Ada Lovelace"
    StaticText "AL"
  image "Ada Lovelace"
    StaticText "AL"
image "Grace Hopper"
  StaticText "GH"
StaticText "Linus"
generic
  image "Ada Lovelace"
  image "Grace Hopper"
  image "2 more: Radia Perlman, Barbara Liskov"
    StaticText "+2"
generic
  tooltip "Radia Perlman, Barbara Liskov"
    StaticText "Radia Perlman, Barbara Liskov"
