---
source: e2e/src/suite.rs
description: button at desktop (rest)
expression: tree
---
button "Plain"
  StaticText "Plain"
button "Busy" [busy=1] [disabled]
  StaticText "Busy"
paragraph
  StaticText "Plain 0, busy 0"
link "Go to landing"
  StaticText "Go to landing"
button "Outlined"
  StaticText "Outlined"
button "Standard"
  StaticText "Standard"
button "Elevated"
  StaticText "Elevated"
button "Filled"
  StaticText "Filled"
link "Disabled link" [disabled]
  StaticText "Disabled link"
