---
source: e2e/src/suite.rs
description: cascader at mobile (drilled)
expression: tree
---
LabelText
  StaticText "Place"
combobox "Place" [expanded] [haspopup=listbox]
status [atomic] [live=polite]
paragraph
button "Back to Europe"
  StaticText "Europe"
listbox "Europe" [orientation=vertical]
  option "France" [selected]
    StaticText "France"
  option "Germany" [selected=false]
    StaticText "Germany"
--> aria-controls [id="lsx-N-listbox-1"] (rendered above)
