---
source: e2e/src/suite.rs
description: cascader_search at desktop (open)
expression: tree
---
LabelText
  StaticText "Place"
generic
  StaticText "Where the parcel goes."
generic
  generic [haspopup=listbox]
status [atomic] [live=polite]
generic
  StaticText "Cities only."
generic
  StaticText "Pick a place."
generic
  generic
    combobox "Place" [expanded] [haspopup=listbox] [invalid] [required]
      generic
    listbox "Place"
      option "Europe" [selected]
        StaticText "Europe"
      option "Asia" [disabled] [selected=false]
        StaticText "Asia"
      option "Oceania" [selected=false]
        StaticText "Oceania"
--> aria-controls [id="lsx-N-listbox-0"] (rendered above)
