---
source: e2e/src/suite.rs
description: cascader_search at desktop (rest)
expression: tree
---
LabelText
  StaticText "Place"
StaticText "Where the parcel goes."
combobox "Place" [expanded=false] [haspopup=listbox] [invalid] [required]
status [atomic] [live=polite]
StaticText "Cities only."
StaticText "Pick a place."
