---
source: e2e/src/suite.rs
description: color_field at desktop (rest)
expression: tree
---
LabelText
  StaticText "Accent"
generic
  combobox "Accent" = #1c7ed6 [expanded] [haspopup=dialog]
    generic
      StaticText "#1c7ed6"
  button "Pick a color from the screen"
status [atomic] [live=polite]
generic
  dialog "Choose color"
    generic
      slider "Saturation" = 87 [valuemax=100] [valuemin=0]
    generic
      generic
        slider "Hue" = 208 [valuemax=360] [valuemin=0]
    button "#fa5252" [pressed=false]
    button "#40c057" [pressed=false]
    button "#228be6" [pressed=false]
--> aria-controls [id="color-field-dialog"] (rendered above)
