---
source: e2e/src/suite.rs
description: drawer at mobile (open)
expression: tree
---
button "Open navigation"
  StaticText "Open navigation"
generic
  generic
    generic
    generic
      generic
        dialog "Navigation" [modal]
          heading "Navigation" [level=3]
            StaticText "Navigation"
          link "Home"
            StaticText "Home"
          button "Close"
            StaticText "Close"
            generic
