---
source: e2e/src/suite.rs
description: file_field_states at desktop (rest)
expression: tree
---
LabelText
  StaticText "Receipt"
group "Receipt"
  button "Receipt Browse files"
    StaticText "Browse files"
status [atomic] [live=polite]
LabelText
  StaticText "Contract"
group "Contract"
  button "Contract Pick a file Browse files" [invalid]
    StaticText "Pick a file"
    StaticText "Browse files"
status [atomic] [live=polite]
StaticText "We cannot read that file."
