---
source: e2e/src/suite.rs
description: floating_window at mobile (open)
expression: tree
---
button "Inspector"
  StaticText "Inspector"
dialog "Inspector"
  group "Move window"
    description "Use arrow keys to move the window"
    heading "Inspector" [level=2]
      StaticText "Inspector"
  button "Window menu" [expanded=false] [haspopup=menu]
  button "Close"
  paragraph
    StaticText "Drag the title bar, or focus it and use the arrow keys."
  button "Done"
    StaticText "Done"
  separator "Resize window" = 378 [orientation=horizontal] [valuemax=390] [valuemin=240]
