---
source: e2e/src/suite.rs
description: hover_card at mobile (open)
expression: tree
---
button "Before"
  StaticText "Before"
button "Ada Lovelace"
  StaticText "Ada Lovelace"
button "After"
  StaticText "After"
dialog "Ada Lovelace"
  paragraph
    StaticText "Wrote the first algorithm meant for a machine."
  button "Profile"
    StaticText "Profile"
  button "Follow"
    StaticText "Follow"
