---
source: e2e/src/suite.rs
description: image_cropper_pan at mobile (rest)
expression: tree
---
image "A sun on blue"
slider "Crop area" = 30 [orientation=horizontal] [valuemax=100] [valuemin=0]
  description "Arrow keys move the crop area, plus and minus zoom the image. Shift moves further."
slider "Zoom" = -0.003143551293760538 [orientation=horizontal] [valuemax=2.0768563747406006] [valuemin=-0.2231435477733612]
  description "100%"
group "Crop area"
  button "Move left"
  button "Move up"
  button "Move down"
  button "Move right"
paragraph
  StaticText "30,10,40,80"
