---
source: e2e/src/suite.rs
description: kanban at desktop (menu_open)
expression: tree
---
button "Before"
  StaticText "Before"
StaticText "To do"
list "To do"
  listitem [level=1]
    button "Reorder Alpha"
    paragraph
      StaticText "Alpha"
    button "Move Alpha up" [disabled]
    button "Move Alpha down"
    button "Move Alpha to column" [expanded] [haspopup=menu]
  listitem [level=1]
    button "Reorder Beta"
    paragraph
      StaticText "Beta"
    button "Move Beta up"
    button "Move Beta down"
    button "Move Beta to column" [expanded=false] [haspopup=menu]
  listitem [level=1]
    button "Reorder Gamma"
    paragraph
      StaticText "Gamma"
    button "Move Gamma up"
    button "Move Gamma down" [disabled]
    button "Move Gamma to column" [expanded=false] [haspopup=menu]
StaticText "Doing"
list "Doing"
  listitem [level=1]
    button "Reorder Delta"
    paragraph
      StaticText "Delta"
    button "Move Delta up" [disabled]
    button "Move Delta down" [disabled]
    button "Move Delta to column" [expanded=false] [haspopup=menu]
StaticText "Done"
list "Done"
status [atomic] [live=polite]
paragraph
  StaticText "Alpha Beta Gamma | Delta |"
paragraph
button "After"
  StaticText "After"
menu "Move Alpha to column"
  menuitem "To do" [disabled]
    StaticText "To do"
  menuitem "Doing"
    StaticText "Doing"
  menuitem "Done"
    StaticText "Done"
--> aria-controls [id="lsx-N-menu"] (rendered above)
