---
source: e2e/src/suite.rs
description: menu-choices at desktop (open)
expression: tree
---
paragraph
  StaticText "Name"
paragraph
  StaticText "false"
button "View" [expanded] [haspopup=menu]
  StaticText "View"
menu "View" [orientation=vertical]
  group "Sort by"
    StaticText "Sort by"
    menuitemradio "Name" [checked]
      StaticText "Name"
    menuitemradio "Date" [checked=false]
      StaticText "Date"
    menuitemradio "Size" [checked=false]
      StaticText "Size"
  separator [orientation=horizontal]
  menuitemcheckbox "Show grid" [checked=false] [keyshortcuts=Control+G]
    StaticText "Show grid"
  menuitem "Export every selected row as a comma separated values file"
    StaticText "Export every selected row as a comma separated values file"
  menuitem "Print" [disabled] [keyshortcuts=Control+P]
    StaticText "Print"
--> aria-controls [id="lsx-N-menu"] (rendered above)
