---
source: e2e/src/suite.rs
description: menubar at mobile (rest)
expression: tree
---
menubar "Editor" [orientation=horizontal]
  menuitem "File" [expanded=false] [haspopup=menu]
    StaticText "File"
  menuitem "Edit" [expanded=false] [haspopup=menu]
    StaticText "Edit"
  menuitem "View" [expanded=false] [haspopup=menu]
    StaticText "View"
