---
source: e2e/src/suite.rs
description: modal at mobile (open)
expression: tree
---
button "Close editor"
  StaticText "Close editor"
dialog "Unsaved changes" [modal]
  heading "Unsaved changes" [level=2]
    StaticText "Unsaved changes"
  button "Close"
  paragraph
    StaticText "notes.md has changes you have not saved."
  button "Keep editing"
    StaticText "Keep editing"
  button "Discard"
    StaticText "Discard"
