---
source: e2e/src/suite.rs
description: notifications at mobile (polite)
expression: tree
---
button "Notify"
  StaticText "Notify"
button "Notify assertively"
  StaticText "Notify assertively"
button "Notify for a while"
  StaticText "Notify for a while"
generic
  generic
    list [live=assertive]
    list [live=polite]
  generic
    list [live=assertive]
    list [live=polite]
  generic
    list [live=assertive]
    list [live=polite]
  generic
    list [live=assertive]
    list [live=polite]
  generic
    list [live=assertive]
    list [live=polite]
  generic
    list [live=assertive]
    list [live=polite]
  generic
    list [live=assertive]
    list [live=polite]
  generic
    list [live=assertive]
    list [live=polite]
  generic
    list [live=assertive]
    list [live=polite]
      listitem [level=1]
        group
          generic
            StaticText "Saved to your library"
          button "Close"
