---
source: e2e/src/suite.rs
description: notifications at desktop (rest)
expression: tree
---
button "Notify"
  StaticText "Notify"
button "Notify assertively"
  StaticText "Notify assertively"
button "Notify for a while"
  StaticText "Notify for a while"
generic
  region "Notifications (F8)"
    generic
      generic [live=assertive]
      generic [live=polite]
    generic
      generic [live=assertive]
      generic [live=polite]
    generic
      generic [live=assertive]
      generic [live=polite]
    generic
      generic [live=assertive]
      generic [live=polite]
    generic
      generic [live=assertive]
      generic [live=polite]
    generic
      generic [live=assertive]
      generic [live=polite]
    generic
      generic [live=assertive]
      generic [live=polite]
    generic
      generic [live=assertive]
      generic [live=polite]
    generic
      generic [live=assertive]
      generic [live=polite]
