---
source: e2e/src/suite.rs
description: notifications at desktop (polite)
expression: tree
---
button "Notify"
  StaticText "Notify"
button "Notify assertively"
  StaticText "Notify assertively"
button "Notify for a while"
  StaticText "Notify for a while"
region "Notifications (F8)"
  generic [live=assertive]
  generic [live=polite]
  generic [live=assertive]
  generic [live=polite]
  generic [live=assertive]
  generic [live=polite]
  generic [live=assertive]
  generic [live=polite]
  generic [live=assertive]
  generic [live=polite]
  generic [live=assertive]
  generic [live=polite]
  generic [live=assertive]
  generic [live=polite]
  generic [live=assertive]
  generic [live=polite]
  generic [live=assertive]
  generic [live=polite]
    list
      listitem [level=1]
        group
          description "Saved to your library"
          StaticText "Saved to your library"
          button "Close"
