---
source: e2e/src/suite.rs
description: phone_field at desktop (open)
expression: tree
---
LabelText
  StaticText "Mobile"
button "Country: Germany, DE +49" [expanded] [haspopup=listbox]
  StaticText "DE"
  StaticText "+49"
status [atomic] [live=polite]
textbox "Mobile"
paragraph
combobox "Search countries" [expanded] [haspopup=listbox]
listbox "Country: Germany, DE +49"
  option "Afghanistan +93" [selected=false]
    StaticText "Afghanistan"
    StaticText "+93"
  option "Åland Islands +358" [selected=false]
    StaticText "Åland Islands"
    StaticText "+358"
  option "Albania +355" [selected=false]
    StaticText "Albania"
    StaticText "+355"
  option "Algeria +213" [selected=false]
    StaticText "Algeria"
    StaticText "+213"
  option "American Samoa +1684" [selected=false]
    StaticText "American Samoa"
    StaticText "+1684"
  option "Andorra +376" [selected=false]
    StaticText "Andorra"
    StaticText "+376"
  option "Angola +244" [selected=false]
    StaticText "Angola"
    StaticText "+244"
  option "Anguilla +1264" [selected=false]
    StaticText "Anguilla"
    StaticText "+1264"
  option "Antarctica +672" [selected=false]
    StaticText "Antarctica"
    StaticText "+672"
  option "Antigua and Barbuda +1268" [selected=false]
    StaticText "Antigua and Barbuda"
    StaticText "+1268"
  option "Argentina +54" [selected=false]
    StaticText "Argentina"
    StaticText "+54"
  option "Armenia +374" [selected=false]
    StaticText "Armenia"
    StaticText "+374"
  option "Aruba +297" [selected=false]
    StaticText "Aruba"
    StaticText "+297"
  option "Australia +61" [selected=false]
    StaticText "Australia"
    StaticText "+61"
  option "Austria +43" [selected=false]
    StaticText "Austria"
    StaticText "+43"
  option "Azerbaijan +994" [selected=false]
    StaticText "Azerbaijan"
    StaticText "+994"
  option "Bahamas +1242" [selected=false]
    StaticText "Bahamas"
    StaticText "+1242"
  option "Bahrain +973" [selected=false]
    StaticText "Bahrain"
    StaticText "+973"
  option "Bangladesh +880" [selected=false]
    StaticText "Bangladesh"
    StaticText "+880"
  option "Barbados +1246" [selected=false]
    StaticText "Barbados"
    StaticText "+1246"
  option "Belarus +375" [selected=false]
    StaticText "Belarus"
    StaticText "+375"
  option "Belgium +32" [selected=false]
    StaticText "Belgium"
    StaticText "+32"
  option "Belize +501" [selected=false]
    StaticText "Belize"
    StaticText "+501"
  option "Benin +229" [selected=false]
    StaticText "Benin"
    StaticText "+229"
  option "Bermuda +1441" [selected=false]
    StaticText "Bermuda"
    StaticText "+1441"
  option "Bhutan +975" [selected=false]
    StaticText "Bhutan"
    StaticText "+975"
  option "Bolivia +591" [selected=false]
    StaticText "Bolivia"
    StaticText "+591"
  option "Bosnia and Herzegovina +387" [selected=false]
    StaticText "Bosnia and Herzegovina"
    StaticText "+387"
  option "Botswana +267" [selected=false]
    StaticText "Botswana"
    StaticText "+267"
  option "Brazil +55" [selected=false]
    StaticText "Brazil"
    StaticText "+55"
  option "British Indian Ocean Territory +246" [selected=false]
    StaticText "British Indian Ocean Territory"
    StaticText "+246"
  option "British Virgin Islands +1284" [selected=false]
    StaticText "British Virgin Islands"
    StaticText "+1284"
  option "Brunei +673" [selected=false]
    StaticText "Brunei"
    StaticText "+673"
  option "Bulgaria +359" [selected=false]
    StaticText "Bulgaria"
    StaticText "+359"
  option "Burkina Faso +226" [selected=false]
    StaticText "Burkina Faso"
    StaticText "+226"
  option "Burundi +257" [selected=false]
    StaticText "Burundi"
    StaticText "+257"
  option "Cambodia +855" [selected=false]
    StaticText "Cambodia"
    StaticText "+855"
  option "Cameroon +237" [selected=false]
    StaticText "Cameroon"
    StaticText "+237"
  option "Canada +1" [selected=false]
    StaticText "Canada"
    StaticText "+1"
  option "Cape Verde +238" [selected=false]
    StaticText "Cape Verde"
    StaticText "+238"
  option "Caribbean Netherlands +599" [selected=false]
    StaticText "Caribbean Netherlands"
    StaticText "+599"
  option "Cayman Islands +1345" [selected=false]
    StaticText "Cayman Islands"
    StaticText "+1345"
  option "Central African Republic +236" [selected=false]
    StaticText "Central African Republic"
    StaticText "+236"
  option "Chad +235" [selected=false]
    StaticText "Chad"
    StaticText "+235"
  option "Chile +56" [selected=false]
    StaticText "Chile"
    StaticText "+56"
  option "China +86" [selected=false]
    StaticText "China"
    StaticText "+86"
  option "Christmas Island +61" [selected=false]
    StaticText "Christmas Island"
    StaticText "+61"
  option "Cocos (Keeling) Islands +61" [selected=false]
    StaticText "Cocos (Keeling) Islands"
    StaticText "+61"
  option "Colombia +57" [selected=false]
    StaticText "Colombia"
    StaticText "+57"
  option "Comoros +269" [selected=false]
    StaticText "Comoros"
    StaticText "+269"
  option "Congo - Brazzaville +242" [selected=false]
    StaticText "Congo - Brazzaville"
    StaticText "+242"
  option "Congo - Kinshasa +243" [selected=false]
    StaticText "Congo - Kinshasa"
    StaticText "+243"
  option "Cook Islands +682" [selected=false]
    StaticText "Cook Islands"
    StaticText "+682"
  option "Costa Rica +506" [selected=false]
    StaticText "Costa Rica"
    StaticText "+506"
  option "Côte d'Ivoire +225" [selected=false]
    StaticText "Côte d'Ivoire"
    StaticText "+225"
  option "Croatia +385" [selected=false]
    StaticText "Croatia"
    StaticText "+385"
  option "Cuba +53" [selected=false]
    StaticText "Cuba"
    StaticText "+53"
  option "Curaçao +599" [selected=false]
    StaticText "Curaçao"
    StaticText "+599"
  option "Cyprus +357" [selected=false]
    StaticText "Cyprus"
    StaticText "+357"
  option "Czechia +420" [selected=false]
    StaticText "Czechia"
    StaticText "+420"
  option "Denmark +45" [selected=false]
    StaticText "Denmark"
    StaticText "+45"
  option "Djibouti +253" [selected=false]
    StaticText "Djibouti"
    StaticText "+253"
  option "Dominica +1767" [selected=false]
    StaticText "Dominica"
    StaticText "+1767"
  option "Dominican Republic +1" [selected=false]
    StaticText "Dominican Republic"
    StaticText "+1"
  option "Ecuador +593" [selected=false]
    StaticText "Ecuador"
    StaticText "+593"
  option "Egypt +20" [selected=false]
    StaticText "Egypt"
    StaticText "+20"
  option "El Salvador +503" [selected=false]
    StaticText "El Salvador"
    StaticText "+503"
  option "Equatorial Guinea +240" [selected=false]
    StaticText "Equatorial Guinea"
    StaticText "+240"
  option "Eritrea +291" [selected=false]
    StaticText "Eritrea"
    StaticText "+291"
  option "Estonia +372" [selected=false]
    StaticText "Estonia"
    StaticText "+372"
  option "Eswatini +268" [selected=false]
    StaticText "Eswatini"
    StaticText "+268"
  option "Ethiopia +251" [selected=false]
    StaticText "Ethiopia"
    StaticText "+251"
  option "Falkland Islands +500" [selected=false]
    StaticText "Falkland Islands"
    StaticText "+500"
  option "Faroe Islands +298" [selected=false]
    StaticText "Faroe Islands"
    StaticText "+298"
  option "Fiji +679" [selected=false]
    StaticText "Fiji"
    StaticText "+679"
  option "Finland +358" [selected=false]
    StaticText "Finland"
    StaticText "+358"
  option "France +33" [selected=false]
    StaticText "France"
    StaticText "+33"
  option "French Guiana +594" [selected=false]
    StaticText "French Guiana"
    StaticText "+594"
  option "French Polynesia +689" [selected=false]
    StaticText "French Polynesia"
    StaticText "+689"
  option "Gabon +241" [selected=false]
    StaticText "Gabon"
    StaticText "+241"
  option "Gambia +220" [selected=false]
    StaticText "Gambia"
    StaticText "+220"
  option "Georgia +995" [selected=false]
    StaticText "Georgia"
    StaticText "+995"
  option "Germany +49" [selected]
    StaticText "Germany"
    StaticText "+49"
  option "Ghana +233" [selected=false]
    StaticText "Ghana"
    StaticText "+233"
  option "Gibraltar +350" [selected=false]
    StaticText "Gibraltar"
    StaticText "+350"
  option "Greece +30" [selected=false]
    StaticText "Greece"
    StaticText "+30"
  option "Greenland +299" [selected=false]
    StaticText "Greenland"
    StaticText "+299"
  option "Grenada +1473" [selected=false]
    StaticText "Grenada"
    StaticText "+1473"
  option "Guadeloupe +590" [selected=false]
    StaticText "Guadeloupe"
    StaticText "+590"
  option "Guam +1671" [selected=false]
    StaticText "Guam"
    StaticText "+1671"
  option "Guatemala +502" [selected=false]
    StaticText "Guatemala"
    StaticText "+502"
  option "Guernsey +44" [selected=false]
    StaticText "Guernsey"
    StaticText "+44"
  option "Guinea +224" [selected=false]
    StaticText "Guinea"
    StaticText "+224"
  option "Guinea-Bissau +245" [selected=false]
    StaticText "Guinea-Bissau"
    StaticText "+245"
  option "Guyana +592" [selected=false]
    StaticText "Guyana"
    StaticText "+592"
  option "Haiti +509" [selected=false]
    StaticText "Haiti"
    StaticText "+509"
  option "Honduras +504" [selected=false]
    StaticText "Honduras"
    StaticText "+504"
  option "Hong Kong SAR China +852" [selected=false]
    StaticText "Hong Kong SAR China"
    StaticText "+852"
  option "Hungary +36" [selected=false]
    StaticText "Hungary"
    StaticText "+36"
  option "Iceland +354" [selected=false]
    StaticText "Iceland"
    StaticText "+354"
  option "India +91" [selected=false]
    StaticText "India"
    StaticText "+91"
  option "Indonesia +62" [selected=false]
    StaticText "Indonesia"
    StaticText "+62"
  option "Iran +98" [selected=false]
    StaticText "Iran"
    StaticText "+98"
  option "Iraq +964" [selected=false]
    StaticText "Iraq"
    StaticText "+964"
  option "Ireland +353" [selected=false]
    StaticText "Ireland"
    StaticText "+353"
  option "Isle of Man +44" [selected=false]
    StaticText "Isle of Man"
    StaticText "+44"
  option "Israel +972" [selected=false]
    StaticText "Israel"
    StaticText "+972"
  option "Italy +39" [selected=false]
    StaticText "Italy"
    StaticText "+39"
  option "Jamaica +1" [selected=false]
    StaticText "Jamaica"
    StaticText "+1"
  option "Japan +81" [selected=false]
    StaticText "Japan"
    StaticText "+81"
  option "Jersey +44" [selected=false]
    StaticText "Jersey"
    StaticText "+44"
  option "Jordan +962" [selected=false]
    StaticText "Jordan"
    StaticText "+962"
  option "Kazakhstan +7" [selected=false]
    StaticText "Kazakhstan"
    StaticText "+7"
  option "Kenya +254" [selected=false]
    StaticText "Kenya"
    StaticText "+254"
  option "Kiribati +686" [selected=false]
    StaticText "Kiribati"
    StaticText "+686"
  option "Kosovo +383" [selected=false]
    StaticText "Kosovo"
    StaticText "+383"
  option "Kuwait +965" [selected=false]
    StaticText "Kuwait"
    StaticText "+965"
  option "Kyrgyzstan +996" [selected=false]
    StaticText "Kyrgyzstan"
    StaticText "+996"
  option "Laos +856" [selected=false]
    StaticText "Laos"
    StaticText "+856"
  option "Latvia +371" [selected=false]
    StaticText "Latvia"
    StaticText "+371"
  option "Lebanon +961" [selected=false]
    StaticText "Lebanon"
    StaticText "+961"
  option "Lesotho +266" [selected=false]
    StaticText "Lesotho"
    StaticText "+266"
  option "Liberia +231" [selected=false]
    StaticText "Liberia"
    StaticText "+231"
  option "Libya +218" [selected=false]
    StaticText "Libya"
    StaticText "+218"
  option "Liechtenstein +423" [selected=false]
    StaticText "Liechtenstein"
    StaticText "+423"
  option "Lithuania +370" [selected=false]
    StaticText "Lithuania"
    StaticText "+370"
  option "Luxembourg +352" [selected=false]
    StaticText "Luxembourg"
    StaticText "+352"
  option "Macao SAR China +853" [selected=false]
    StaticText "Macao SAR China"
    StaticText "+853"
  option "Madagascar +261" [selected=false]
    StaticText "Madagascar"
    StaticText "+261"
  option "Malawi +265" [selected=false]
    StaticText "Malawi"
    StaticText "+265"
  option "Malaysia +60" [selected=false]
    StaticText "Malaysia"
    StaticText "+60"
  option "Maldives +960" [selected=false]
    StaticText "Maldives"
    StaticText "+960"
  option "Mali +223" [selected=false]
    StaticText "Mali"
    StaticText "+223"
  option "Malta +356" [selected=false]
    StaticText "Malta"
    StaticText "+356"
  option "Marshall Islands +692" [selected=false]
    StaticText "Marshall Islands"
    StaticText "+692"
  option "Martinique +596" [selected=false]
    StaticText "Martinique"
    StaticText "+596"
  option "Mauritania +222" [selected=false]
    StaticText "Mauritania"
    StaticText "+222"
  option "Mauritius +230" [selected=false]
    StaticText "Mauritius"
    StaticText "+230"
  option "Mayotte +262" [selected=false]
    StaticText "Mayotte"
    StaticText "+262"
  option "Mexico +52" [selected=false]
    StaticText "Mexico"
    StaticText "+52"
  option "Micronesia +691" [selected=false]
    StaticText "Micronesia"
    StaticText "+691"
  option "Moldova +373" [selected=false]
    StaticText "Moldova"
    StaticText "+373"
  option "Monaco +377" [selected=false]
    StaticText "Monaco"
    StaticText "+377"
  option "Mongolia +976" [selected=false]
    StaticText "Mongolia"
    StaticText "+976"
  option "Montenegro +382" [selected=false]
    StaticText "Montenegro"
    StaticText "+382"
  option "Montserrat +1664" [selected=false]
    StaticText "Montserrat"
    StaticText "+1664"
  option "Morocco +212" [selected=false]
    StaticText "Morocco"
    StaticText "+212"
  option "Mozambique +258" [selected=false]
    StaticText "Mozambique"
    StaticText "+258"
  option "Myanmar +95" [selected=false]
    StaticText "Myanmar"
    StaticText "+95"
  option "Namibia +264" [selected=false]
    StaticText "Namibia"
    StaticText "+264"
  option "Nauru +674" [selected=false]
    StaticText "Nauru"
    StaticText "+674"
  option "Nepal +977" [selected=false]
    StaticText "Nepal"
    StaticText "+977"
  option "Netherlands +31" [selected=false]
    StaticText "Netherlands"
    StaticText "+31"
  option "New Caledonia +687" [selected=false]
    StaticText "New Caledonia"
    StaticText "+687"
  option "New Zealand +64" [selected=false]
    StaticText "New Zealand"
    StaticText "+64"
  option "Nicaragua +505" [selected=false]
    StaticText "Nicaragua"
    StaticText "+505"
  option "Niger +227" [selected=false]
    StaticText "Niger"
    StaticText "+227"
  option "Nigeria +234" [selected=false]
    StaticText "Nigeria"
    StaticText "+234"
  option "Niue +683" [selected=false]
    StaticText "Niue"
    StaticText "+683"
  option "Norfolk Island +672" [selected=false]
    StaticText "Norfolk Island"
    StaticText "+672"
  option "North Korea +850" [selected=false]
    StaticText "North Korea"
    StaticText "+850"
  option "North Macedonia +389" [selected=false]
    StaticText "North Macedonia"
    StaticText "+389"
  option "Northern Mariana Islands +1670" [selected=false]
    StaticText "Northern Mariana Islands"
    StaticText "+1670"
  option "Norway +47" [selected=false]
    StaticText "Norway"
    StaticText "+47"
  option "Oman +968" [selected=false]
    StaticText "Oman"
    StaticText "+968"
  option "Pakistan +92" [selected=false]
    StaticText "Pakistan"
    StaticText "+92"
  option "Palau +680" [selected=false]
    StaticText "Palau"
    StaticText "+680"
  option "Palestine +970" [selected=false]
    StaticText "Palestine"
    StaticText "+970"
  option "Panama +507" [selected=false]
    StaticText "Panama"
    StaticText "+507"
  option "Papua New Guinea +675" [selected=false]
    StaticText "Papua New Guinea"
    StaticText "+675"
  option "Paraguay +595" [selected=false]
    StaticText "Paraguay"
    StaticText "+595"
  option "Peru +51" [selected=false]
    StaticText "Peru"
    StaticText "+51"
  option "Philippines +63" [selected=false]
    StaticText "Philippines"
    StaticText "+63"
  option "Pitcairn Islands +64" [selected=false]
    StaticText "Pitcairn Islands"
    StaticText "+64"
  option "Poland +48" [selected=false]
    StaticText "Poland"
    StaticText "+48"
  option "Portugal +351" [selected=false]
    StaticText "Portugal"
    StaticText "+351"
  option "Puerto Rico +1" [selected=false]
    StaticText "Puerto Rico"
    StaticText "+1"
  option "Qatar +974" [selected=false]
    StaticText "Qatar"
    StaticText "+974"
  option "Réunion +262" [selected=false]
    StaticText "Réunion"
    StaticText "+262"
  option "Romania +40" [selected=false]
    StaticText "Romania"
    StaticText "+40"
  option "Russia +7" [selected=false]
    StaticText "Russia"
    StaticText "+7"
  option "Rwanda +250" [selected=false]
    StaticText "Rwanda"
    StaticText "+250"
  option "Saint Barthélemy +590" [selected=false]
    StaticText "Saint Barthélemy"
    StaticText "+590"
  option "Saint Helena +290" [selected=false]
    StaticText "Saint Helena"
    StaticText "+290"
  option "Saint Kitts and Nevis +1869" [selected=false]
    StaticText "Saint Kitts and Nevis"
    StaticText "+1869"
  option "Saint Lucia +1758" [selected=false]
    StaticText "Saint Lucia"
    StaticText "+1758"
  option "Saint Martin +590" [selected=false]
    StaticText "Saint Martin"
    StaticText "+590"
  option "Saint Pierre and Miquelon +508" [selected=false]
    StaticText "Saint Pierre and Miquelon"
    StaticText "+508"
  option "Saint Vincent and the Grenadines +1784" [selected=false]
    StaticText "Saint Vincent and the Grenadines"
    StaticText "+1784"
  option "Samoa +685" [selected=false]
    StaticText "Samoa"
    StaticText "+685"
  option "San Marino +378" [selected=false]
    StaticText "San Marino"
    StaticText "+378"
  option "São Tomé and Príncipe +239" [selected=false]
    StaticText "São Tomé and Príncipe"
    StaticText "+239"
  option "Saudi Arabia +966" [selected=false]
    StaticText "Saudi Arabia"
    StaticText "+966"
  option "Senegal +221" [selected=false]
    StaticText "Senegal"
    StaticText "+221"
  option "Serbia +381" [selected=false]
    StaticText "Serbia"
    StaticText "+381"
  option "Seychelles +248" [selected=false]
    StaticText "Seychelles"
    StaticText "+248"
  option "Sierra Leone +232" [selected=false]
    StaticText "Sierra Leone"
    StaticText "+232"
  option "Singapore +65" [selected=false]
    StaticText "Singapore"
    StaticText "+65"
  option "Sint Maarten +1721" [selected=false]
    StaticText "Sint Maarten"
    StaticText "+1721"
  option "Slovakia +421" [selected=false]
    StaticText "Slovakia"
    StaticText "+421"
  option "Slovenia +386" [selected=false]
    StaticText "Slovenia"
    StaticText "+386"
  option "Solomon Islands +677" [selected=false]
    StaticText "Solomon Islands"
    StaticText "+677"
  option "Somalia +252" [selected=false]
    StaticText "Somalia"
    StaticText "+252"
  option "South Africa +27" [selected=false]
    StaticText "South Africa"
    StaticText "+27"
  option "South Korea +82" [selected=false]
    StaticText "South Korea"
    StaticText "+82"
  option "South Sudan +211" [selected=false]
    StaticText "South Sudan"
    StaticText "+211"
  option "Spain +34" [selected=false]
    StaticText "Spain"
    StaticText "+34"
  option "Sri Lanka +94" [selected=false]
    StaticText "Sri Lanka"
    StaticText "+94"
  option "Sudan +249" [selected=false]
    StaticText "Sudan"
    StaticText "+249"
  option "Suriname +597" [selected=false]
    StaticText "Suriname"
    StaticText "+597"
  option "Svalbard and Jan Mayen +47" [selected=false]
    StaticText "Svalbard and Jan Mayen"
    StaticText "+47"
  option "Sweden +46" [selected=false]
    StaticText "Sweden"
    StaticText "+46"
  option "Switzerland +41" [selected=false]
    StaticText "Switzerland"
    StaticText "+41"
  option "Syria +963" [selected=false]
    StaticText "Syria"
    StaticText "+963"
  option "Taiwan +886" [selected=false]
    StaticText "Taiwan"
    StaticText "+886"
  option "Tajikistan +992" [selected=false]
    StaticText "Tajikistan"
    StaticText "+992"
  option "Tanzania +255" [selected=false]
    StaticText "Tanzania"
    StaticText "+255"
  option "Thailand +66" [selected=false]
    StaticText "Thailand"
    StaticText "+66"
  option "Timor-Leste +670" [selected=false]
    StaticText "Timor-Leste"
    StaticText "+670"
  option "Togo +228" [selected=false]
    StaticText "Togo"
    StaticText "+228"
  option "Tokelau +690" [selected=false]
    StaticText "Tokelau"
    StaticText "+690"
  option "Tonga +676" [selected=false]
    StaticText "Tonga"
    StaticText "+676"
  option "Trinidad and Tobago +1868" [selected=false]
    StaticText "Trinidad and Tobago"
    StaticText "+1868"
  option "Tunisia +216" [selected=false]
    StaticText "Tunisia"
    StaticText "+216"
  option "Türkiye +90" [selected=false]
    StaticText "Türkiye"
    StaticText "+90"
  option "Turkmenistan +993" [selected=false]
    StaticText "Turkmenistan"
    StaticText "+993"
  option "Turks and Caicos Islands +1649" [selected=false]
    StaticText "Turks and Caicos Islands"
    StaticText "+1649"
  option "Tuvalu +688" [selected=false]
    StaticText "Tuvalu"
    StaticText "+688"
  option "U.S. Virgin Islands +1340" [selected=false]
    StaticText "U.S. Virgin Islands"
    StaticText "+1340"
  option "Uganda +256" [selected=false]
    StaticText "Uganda"
    StaticText "+256"
  option "Ukraine +380" [selected=false]
    StaticText "Ukraine"
    StaticText "+380"
  option "United Arab Emirates +971" [selected=false]
    StaticText "United Arab Emirates"
    StaticText "+971"
  option "United Kingdom +44" [selected=false]
    StaticText "United Kingdom"
    StaticText "+44"
  option "United States +1" [selected=false]
    StaticText "United States"
    StaticText "+1"
  option "Uruguay +598" [selected=false]
    StaticText "Uruguay"
    StaticText "+598"
  option "Uzbekistan +998" [selected=false]
    StaticText "Uzbekistan"
    StaticText "+998"
  option "Vanuatu +678" [selected=false]
    StaticText "Vanuatu"
    StaticText "+678"
  option "Vatican City +39" [selected=false]
    StaticText "Vatican City"
    StaticText "+39"
  option "Venezuela +58" [selected=false]
    StaticText "Venezuela"
    StaticText "+58"
  option "Vietnam +84" [selected=false]
    StaticText "Vietnam"
    StaticText "+84"
  option "Wallis and Futuna +681" [selected=false]
    StaticText "Wallis and Futuna"
    StaticText "+681"
  option "Western Sahara +212" [selected=false]
    StaticText "Western Sahara"
    StaticText "+212"
  option "Yemen +967" [selected=false]
    StaticText "Yemen"
    StaticText "+967"
  option "Zambia +260" [selected=false]
    StaticText "Zambia"
    StaticText "+260"
  option "Zimbabwe +263" [selected=false]
    StaticText "Zimbabwe"
    StaticText "+263"
--> aria-controls [id="lsx-N-listbox"] (rendered above)
