---
source: e2e/src/suite.rs
description: pin_field at desktop (rest)
expression: tree
---
LabelText
  StaticText "Code"
group "Code" [invalid]
  textbox "Character 1 of 4" [invalid] [required]
  textbox "Character 2 of 4" [invalid] [required]
  textbox "Character 3 of 4" [invalid] [required]
  textbox "Character 4 of 4" [invalid] [required]
StaticText "It expires in ten minutes."
StaticText "That code is wrong."
