---
source: e2e/src/suite.rs
description: popover at desktop (open)
expression: tree
---
button "Popover" [expanded] [haspopup=dialog]
  StaticText "Popover"
paragraph
  StaticText "Nothing to focus here"
button "After"
  StaticText "After"
dialog "Example popover"
  paragraph
    StaticText "Popover content"
  button "Inside"
    StaticText "Inside"
