---
source: e2e/src/suite.rs
description: radio_group_field at desktop (rest)
expression: tree
---
button "Before"
  StaticText "Before"
LabelText
  StaticText "Plan"
generic
  StaticText "What your seats cost."
radiogroup "Plan" [invalid] [required]
  generic
    radio "Free" [checked=false]
    generic
      StaticText "About Free"
  generic
    radio "Pro" [checked]
    generic
      StaticText "About Pro"
  generic
    radio "Team" [checked=false] [disabled]
    generic
      StaticText "About Team"
generic
  StaticText "You can change it later."
generic
  StaticText "Pick a plan to continue."
button "After"
  StaticText "After"
