---
source: e2e/src/suite.rs
description: scroller at desktop (rest)
expression: tree
---
button "Before"
  StaticText "Before"
generic
  button "Scroll backward" [disabled]
  region "Tags"
    button "Tag 0"
      StaticText "Tag 0"
    button "Tag 1"
      StaticText "Tag 1"
    button "Tag 2"
      StaticText "Tag 2"
    button "Tag 3"
      StaticText "Tag 3"
    button "Tag 4"
      StaticText "Tag 4"
    button "Tag 5"
      StaticText "Tag 5"
    button "Tag 6"
      StaticText "Tag 6"
    button "Tag 7"
      StaticText "Tag 7"
    button "Tag 8"
      StaticText "Tag 8"
    button "Tag 9"
      StaticText "Tag 9"
    button "Tag 10"
      StaticText "Tag 10"
    button "Tag 11"
      StaticText "Tag 11"
  button "Scroll forward"
button "After"
  StaticText "After"
--> aria-controls [id="lsx-N"] (rendered above)
