---
source: e2e/src/suite.rs
description: select_field at desktop (open)
expression: tree
---
LabelText
  StaticText "Fruit"
generic
  StaticText "Delivered with your next box."
generic
  generic [haspopup=listbox]
    StaticText "Banana"
  button "Clear"
status [atomic] [live=polite]
generic
  StaticText "You can swap it until Friday."
generic
  StaticText "Pick a fruit."
generic
  generic
    combobox "Fruit" [expanded] [haspopup=listbox] [invalid] [required]
      generic
    listbox
      group "Orchard"
        StaticText "Orchard"
        option "Apple" [selected=false]
          StaticText "Apple"
        option "Cherry" [disabled] [selected=false]
          StaticText "Cherry"
      group "Other"
        StaticText "Other"
        option "Banana" [selected]
          StaticText "Banana"
        option "Damson" [selected=false]
          StaticText "Damson"
        option "Elderberry" [selected=false]
          StaticText "Elderberry"
--> aria-controls [id="lsx-N-listbox"] (rendered above)
