---
source: e2e/src/suite.rs
description: slider_states at mobile (rest)
expression: tree
---
LabelText
  StaticText "Quality"
  StaticText "required"
slider "Quality required" = 1 [orientation=horizontal] [valuemax=2] [valuemin=0]
  description "Medium"
LabelText
  StaticText "Gain"
slider "Gain" = 50 [orientation=horizontal] [valuemax=100] [valuemin=0]
  description "50.0 dB"
LabelText
  StaticText "Fixed"
slider "Fixed" = 30 [orientation=horizontal] [valuemax=100] [valuemin=0]
  description "30"
slider "Locked" = 70 [disabled] [orientation=horizontal] [valuemax=100] [valuemin=0]
  description "70"
tooltip "Medium"
  StaticText "Medium"
