---
source: e2e/src/suite.rs
description: spotlight at desktop (open)
expression: tree
---
button "Open the palette"
  StaticText "Open the palette"
paragraph
  StaticText "Or press Ctrl K."
dialog "Command palette" [modal]
  combobox "Search commands" [expanded] [haspopup=listbox]
  listbox "Command palette"
    group "Pages"
      StaticText "Pages"
      option "Home" [selected=false]
        StaticText "Home"
        StaticText "The start page"
      option "Changelog" [selected=false]
        StaticText "Changelog"
    group "Commands"
      StaticText "Commands"
      option "New file" [selected=false]
        StaticText "New file"
        StaticText "Ctrl"
        StaticText "+"
        StaticText "N"
--> aria-controls [id="lsx-N-listbox"] (rendered above)
