---
source: e2e/src/suite.rs
description: stepper_vertical at mobile (rest)
expression: tree
---
list
  listitem [level=1]
    button "Account" [current=step]
      StaticText "Account"
    region "Account"
      button "Continue to shipping"
        StaticText "Continue to shipping"
  listitem [level=1]
    StaticText "Shipping"
  listitem [level=1]
    StaticText "Review"
