---
source: e2e/src/suite.rs
description: stepper_vertical at desktop (second)
expression: tree
---
list
  listitem [level=1]
    button "Account, Completed"
      StaticText "Account, Completed"
  listitem [level=1]
    button "Shipping" [current=step]
      StaticText "Shipping"
    region "Shipping"
      button "Continue to review"
        StaticText "Continue to review"
  listitem [level=1]
    StaticText "Review"
