---
source: e2e/src/suite.rs
description: tags_field at desktop (rest)
expression: tree
---
LabelText
  StaticText "Topics"
StaticText "rust"
button "Remove rust"
combobox "Topics" [autocomplete=list] [expanded=false] [haspopup=listbox]
status [atomic] [live=polite]
status [atomic] [live=polite]
status [atomic] [live=polite]
