---
source: e2e/src/suite.rs
description: textarea at desktop (rest)
expression: tree
---
LabelText
  StaticText "Note"
textbox "Note"
  description "20 characters left"
status [atomic] [live=polite]
LabelText
  StaticText "Remark"
textbox "Remark"
  description "20 characters left"
status [atomic] [live=polite]
LabelText
  StaticText "Code"
textbox "Code"
paragraph
