---
source: e2e/src/suite.rs
description: video at mobile (rest)
expression: tree
---
paragraph
  StaticText "A silent clip with subtitles, and one without."
group "Silence"
  Video
  group "Player controls"
    slider "Seek" = 0 [valuemax=4] [valuemin=0]
    button "Play"
    button "Mute"
    button "Captions" [pressed=false]
    button "Playback speed 1×" [expanded=false] [haspopup=menu]
      StaticText "1×"
    button "Fullscreen"
  status [atomic] [live=polite]
group "Plain"
  Video
  group "Player controls"
    slider "Seek" = 0 [valuemax=4] [valuemin=0]
    button "Play"
    button "Mute"
    button "Captions" [disabled] [pressed=false]
    StaticText "No captions for this video"
    button "Playback speed 1×" [expanded=false] [haspopup=menu]
      StaticText "1×"
    button "Fullscreen"
  status [atomic] [live=polite]
tooltip "Play K"
  StaticText "Play"
  StaticText "K"
